---
version: 1
interactions:
- request:
    body: '{"name":"tf-vol-trusting-engelbart","project":"105bdce1-64c0-48ab-899d-868455867ecf","volume_type":"b_ssd","size":20000000000}'
    form: {}
    headers:
      Content-Type:
      - application/json
      User-Agent:
      - scaleway-sdk-go/v1.0.0-beta.7+dev (go1.17.7; darwin; amd64) terraform-provider/develop
        terraform/terraform-tests
    url: https://api.scaleway.com/instance/v1/zones/fr-par-1/volumes
    method: POST
  response:
    body: '{"volume": {"id": "c026e96f-6239-44b2-8974-0f950e567a91", "name": "tf-vol-trusting-engelbart",
      "volume_type": "b_ssd", "export_uri": null, "organization": "105bdce1-64c0-48ab-899d-868455867ecf",
      "project": "105bdce1-64c0-48ab-899d-868455867ecf", "server": null, "size": 20000000000,
      "state": "available", "creation_date": "2022-04-12T08:56:00.453245+00:00", "modification_date":
      "2022-04-12T08:56:00.453245+00:00", "tags": [], "zone": "fr-par-1"}}'
    headers:
      Content-Length:
      - "447"
      Content-Security-Policy:
      - default-src 'none'; frame-ancestors 'none'
      Content-Type:
      - application/json
      Date:
      - Tue, 12 Apr 2022 08:56:01 GMT
      Location:
      - https://api.scaleway.com/instance/v1/zones/fr-par-1/volumes/c026e96f-6239-44b2-8974-0f950e567a91
      Server:
      - Scaleway API-Gateway
      Strict-Transport-Security:
      - max-age=63072000
      X-Content-Type-Options:
      - nosniff
      X-Frame-Options:
      - DENY
      X-Request-Id:
      - fd1f13f8-f01d-4e0d-aaa6-3d232f4ae2cd
    status: 201 Created
    code: 201
    duration: ""
- request:
    body: ""
    form: {}
    headers:
      User-Agent:
      - scaleway-sdk-go/v1.0.0-beta.7+dev (go1.17.7; darwin; amd64) terraform-provider/develop
        terraform/terraform-tests
    url: https://api.scaleway.com/instance/v1/zones/fr-par-1/volumes/c026e96f-6239-44b2-8974-0f950e567a91
    method: GET
  response:
    body: '{"volume": {"id": "c026e96f-6239-44b2-8974-0f950e567a91", "name": "tf-vol-trusting-engelbart",
      "volume_type": "b_ssd", "export_uri": null, "organization": "105bdce1-64c0-48ab-899d-868455867ecf",
      "project": "105bdce1-64c0-48ab-899d-868455867ecf", "server": null, "size": 20000000000,
      "state": "available", "creation_date": "2022-04-12T08:56:00.453245+00:00", "modification_date":
      "2022-04-12T08:56:00.453245+00:00", "tags": [], "zone": "fr-par-1"}}'
    headers:
      Content-Length:
      - "447"
      Content-Security-Policy:
      - default-src 'none'; frame-ancestors 'none'
      Content-Type:
      - application/json
      Date:
      - Tue, 12 Apr 2022 08:56:01 GMT
      Server:
      - Scaleway API-Gateway
      Strict-Transport-Security:
      - max-age=63072000
      X-Content-Type-Options:
      - nosniff
      X-Frame-Options:
      - DENY
      X-Request-Id:
      - 2b6c0c0d-a350-42ee-a388-b0f4fefac862
    status: 200 OK
    code: 200
    duration: ""
- request:
    body: ""
    form: {}
    headers:
      User-Agent:
      - scaleway-sdk-go/v1.0.0-beta.7+dev (go1.17.7; darwin; amd64) terraform-provider/develop
        terraform/terraform-tests
    url: https://api.scaleway.com/instance/v1/zones/fr-par-1/volumes/c026e96f-6239-44b2-8974-0f950e567a91
    method: GET
  response:
    body: '{"volume": {"id": "c026e96f-6239-44b2-8974-0f950e567a91", "name": "tf-vol-trusting-engelbart",
      "volume_type": "b_ssd", "export_uri": null, "organization": "105bdce1-64c0-48ab-899d-868455867ecf",
      "project": "105bdce1-64c0-48ab-899d-868455867ecf", "server": null, "size": 20000000000,
      "state": "available", "creation_date": "2022-04-12T08:56:00.453245+00:00", "modification_date":
      "2022-04-12T08:56:00.453245+00:00", "tags": [], "zone": "fr-par-1"}}'
    headers:
      Content-Length:
      - "447"
      Content-Security-Policy:
      - default-src 'none'; frame-ancestors 'none'
      Content-Type:
      - application/json
      Date:
      - Tue, 12 Apr 2022 08:56:01 GMT
      Server:
      - Scaleway API-Gateway
      Strict-Transport-Security:
      - max-age=63072000
      X-Content-Type-Options:
      - nosniff
      X-Frame-Options:
      - DENY
      X-Request-Id:
      - df385886-6e4c-45d2-a3cc-0591218c78b3
    status: 200 OK
    code: 200
    duration: ""
- request:
    body: '{"name":"first_name","volume_id":"c026e96f-6239-44b2-8974-0f950e567a91","tags":["test-terraform"],"project":"105bdce1-64c0-48ab-899d-868455867ecf"}'
    form: {}
    headers:
      Content-Type:
      - application/json
      User-Agent:
      - scaleway-sdk-go/v1.0.0-beta.7+dev (go1.17.7; darwin; amd64) terraform-provider/develop
        terraform/terraform-tests
    url: https://api.scaleway.com/instance/v1/zones/fr-par-1/snapshots
    method: POST
  response:
    body: '{"snapshot": {"id": "d518ffaa-38b4-417a-8c0c-cc3c30df47aa", "name": "first_name",
      "volume_type": "b_ssd", "creation_date": "2022-04-12T08:56:01.551162+00:00",
      "modification_date": "2022-04-12T08:56:01.551162+00:00", "organization": "105bdce1-64c0-48ab-899d-868455867ecf",
      "project": "105bdce1-64c0-48ab-899d-868455867ecf", "size": 20000000000, "state":
      "snapshotting", "base_volume": {"id": "c026e96f-6239-44b2-8974-0f950e567a91",
      "name": "tf-vol-trusting-engelbart"}, "tags": ["test-terraform"], "zone": "fr-par-1"}}'
    headers:
      Content-Length:
      - "517"
      Content-Security-Policy:
      - default-src 'none'; frame-ancestors 'none'
      Content-Type:
      - application/json
      Date:
      - Tue, 12 Apr 2022 08:56:02 GMT
      Server:
      - Scaleway API-Gateway
      Strict-Transport-Security:
      - max-age=63072000
      X-Content-Type-Options:
      - nosniff
      X-Frame-Options:
      - DENY
      X-Request-Id:
      - 13d11108-3d52-4586-9432-f43ca52b2f01
    status: 201 Created
    code: 201
    duration: ""
- request:
    body: ""
    form: {}
    headers:
      User-Agent:
      - scaleway-sdk-go/v1.0.0-beta.7+dev (go1.17.7; darwin; amd64) terraform-provider/develop
        terraform/terraform-tests
    url: https://api.scaleway.com/instance/v1/zones/fr-par-1/snapshots/d518ffaa-38b4-417a-8c0c-cc3c30df47aa
    method: GET
  response:
    body: '{"snapshot": {"id": "d518ffaa-38b4-417a-8c0c-cc3c30df47aa", "name": "first_name",
      "volume_type": "b_ssd", "creation_date": "2022-04-12T08:56:01.551162+00:00",
      "modification_date": "2022-04-12T08:56:01.551162+00:00", "organization": "105bdce1-64c0-48ab-899d-868455867ecf",
      "project": "105bdce1-64c0-48ab-899d-868455867ecf", "size": 20000000000, "state":
      "snapshotting", "base_volume": {"id": "c026e96f-6239-44b2-8974-0f950e567a91",
      "name": "tf-vol-trusting-engelbart"}, "tags": ["test-terraform"], "zone": "fr-par-1"}}'
    headers:
      Content-Length:
      - "517"
      Content-Security-Policy:
      - default-src 'none'; frame-ancestors 'none'
      Content-Type:
      - application/json
      Date:
      - Tue, 12 Apr 2022 08:56:02 GMT
      Server:
      - Scaleway API-Gateway
      Strict-Transport-Security:
      - max-age=63072000
      X-Content-Type-Options:
      - nosniff
      X-Frame-Options:
      - DENY
      X-Request-Id:
      - f60affae-aab6-4294-887f-503cef96ba01
    status: 200 OK
    code: 200
    duration: ""
- request:
    body: ""
    form: {}
    headers:
      User-Agent:
      - scaleway-sdk-go/v1.0.0-beta.7+dev (go1.17.7; darwin; amd64) terraform-provider/develop
        terraform/terraform-tests
    url: https://api.scaleway.com/instance/v1/zones/fr-par-1/snapshots/d518ffaa-38b4-417a-8c0c-cc3c30df47aa
    method: GET
  response:
    body: '{"snapshot": {"id": "d518ffaa-38b4-417a-8c0c-cc3c30df47aa", "name": "first_name",
      "volume_type": "b_ssd", "creation_date": "2022-04-12T08:56:01.551162+00:00",
      "modification_date": "2022-04-12T08:56:05.426558+00:00", "organization": "105bdce1-64c0-48ab-899d-868455867ecf",
      "project": "105bdce1-64c0-48ab-899d-868455867ecf", "size": 20000000000, "state":
      "available", "base_volume": {"id": "c026e96f-6239-44b2-8974-0f950e567a91", "name":
      "tf-vol-trusting-engelbart"}, "tags": ["test-terraform"], "zone": "fr-par-1"}}'
    headers:
      Content-Length:
      - "514"
      Content-Security-Policy:
      - default-src 'none'; frame-ancestors 'none'
      Content-Type:
      - application/json
      Date:
      - Tue, 12 Apr 2022 08:56:07 GMT
      Server:
      - Scaleway API-Gateway
      Strict-Transport-Security:
      - max-age=63072000
      X-Content-Type-Options:
      - nosniff
      X-Frame-Options:
      - DENY
      X-Request-Id:
      - 7863a3d1-a2ca-4eb4-8a6d-09bf7f903bb9
    status: 200 OK
    code: 200
    duration: ""
- request:
    body: ""
    form: {}
    headers:
      User-Agent:
      - scaleway-sdk-go/v1.0.0-beta.7+dev (go1.17.7; darwin; amd64) terraform-provider/develop
        terraform/terraform-tests
    url: https://api.scaleway.com/instance/v1/zones/fr-par-1/snapshots/d518ffaa-38b4-417a-8c0c-cc3c30df47aa
    method: GET
  response:
    body: '{"snapshot": {"id": "d518ffaa-38b4-417a-8c0c-cc3c30df47aa", "name": "first_name",
      "volume_type": "b_ssd", "creation_date": "2022-04-12T08:56:01.551162+00:00",
      "modification_date": "2022-04-12T08:56:05.426558+00:00", "organization": "105bdce1-64c0-48ab-899d-868455867ecf",
      "project": "105bdce1-64c0-48ab-899d-868455867ecf", "size": 20000000000, "state":
      "available", "base_volume": {"id": "c026e96f-6239-44b2-8974-0f950e567a91", "name":
      "tf-vol-trusting-engelbart"}, "tags": ["test-terraform"], "zone": "fr-par-1"}}'
    headers:
      Content-Length:
      - "514"
      Content-Security-Policy:
      - default-src 'none'; frame-ancestors 'none'
      Content-Type:
      - application/json
      Date:
      - Tue, 12 Apr 2022 08:56:07 GMT
      Server:
      - Scaleway API-Gateway
      Strict-Transport-Security:
      - max-age=63072000
      X-Content-Type-Options:
      - nosniff
      X-Frame-Options:
      - DENY
      X-Request-Id:
      - 2321be89-1dba-44e4-84b3-981a9de80f80
    status: 200 OK
    code: 200
    duration: ""
- request:
    body: ""
    form: {}
    headers:
      User-Agent:
      - scaleway-sdk-go/v1.0.0-beta.7+dev (go1.17.7; darwin; amd64) terraform-provider/develop
        terraform/terraform-tests
    url: https://api.scaleway.com/instance/v1/zones/fr-par-1/volumes/c026e96f-6239-44b2-8974-0f950e567a91
    method: GET
  response:
    body: '{"volume": {"id": "c026e96f-6239-44b2-8974-0f950e567a91", "name": "tf-vol-trusting-engelbart",
      "volume_type": "b_ssd", "export_uri": null, "organization": "105bdce1-64c0-48ab-899d-868455867ecf",
      "project": "105bdce1-64c0-48ab-899d-868455867ecf", "server": null, "size": 20000000000,
      "state": "available", "creation_date": "2022-04-12T08:56:00.453245+00:00", "modification_date":
      "2022-04-12T08:56:05.426558+00:00", "tags": [], "zone": "fr-par-1"}}'
    headers:
      Content-Length:
      - "447"
      Content-Security-Policy:
      - default-src 'none'; frame-ancestors 'none'
      Content-Type:
      - application/json
      Date:
      - Tue, 12 Apr 2022 08:56:08 GMT
      Server:
      - Scaleway API-Gateway
      Strict-Transport-Security:
      - max-age=63072000
      X-Content-Type-Options:
      - nosniff
      X-Frame-Options:
      - DENY
      X-Request-Id:
      - 9130a4c2-5f53-4ced-82c4-24f1a0724ea7
    status: 200 OK
    code: 200
    duration: ""
- request:
    body: ""
    form: {}
    headers:
      User-Agent:
      - scaleway-sdk-go/v1.0.0-beta.7+dev (go1.17.7; darwin; amd64) terraform-provider/develop
        terraform/terraform-tests
    url: https://api.scaleway.com/instance/v1/zones/fr-par-1/snapshots/d518ffaa-38b4-417a-8c0c-cc3c30df47aa
    method: GET
  response:
    body: '{"snapshot": {"id": "d518ffaa-38b4-417a-8c0c-cc3c30df47aa", "name": "first_name",
      "volume_type": "b_ssd", "creation_date": "2022-04-12T08:56:01.551162+00:00",
      "modification_date": "2022-04-12T08:56:05.426558+00:00", "organization": "105bdce1-64c0-48ab-899d-868455867ecf",
      "project": "105bdce1-64c0-48ab-899d-868455867ecf", "size": 20000000000, "state":
      "available", "base_volume": {"id": "c026e96f-6239-44b2-8974-0f950e567a91", "name":
      "tf-vol-trusting-engelbart"}, "tags": ["test-terraform"], "zone": "fr-par-1"}}'
    headers:
      Content-Length:
      - "514"
      Content-Security-Policy:
      - default-src 'none'; frame-ancestors 'none'
      Content-Type:
      - application/json
      Date:
      - Tue, 12 Apr 2022 08:56:08 GMT
      Server:
      - Scaleway API-Gateway
      Strict-Transport-Security:
      - max-age=63072000
      X-Content-Type-Options:
      - nosniff
      X-Frame-Options:
      - DENY
      X-Request-Id:
      - 49da47cb-48c8-43b9-bd67-c0480cebf7f9
    status: 200 OK
    code: 200
    duration: ""
- request:
    body: ""
    form: {}
    headers:
      User-Agent:
      - scaleway-sdk-go/v1.0.0-beta.7+dev (go1.17.7; darwin; amd64) terraform-provider/develop
        terraform/terraform-tests
    url: https://api.scaleway.com/instance/v1/zones/fr-par-1/volumes/c026e96f-6239-44b2-8974-0f950e567a91
    method: GET
  response:
    body: '{"volume": {"id": "c026e96f-6239-44b2-8974-0f950e567a91", "name": "tf-vol-trusting-engelbart",
      "volume_type": "b_ssd", "export_uri": null, "organization": "105bdce1-64c0-48ab-899d-868455867ecf",
      "project": "105bdce1-64c0-48ab-899d-868455867ecf", "server": null, "size": 20000000000,
      "state": "available", "creation_date": "2022-04-12T08:56:00.453245+00:00", "modification_date":
      "2022-04-12T08:56:05.426558+00:00", "tags": [], "zone": "fr-par-1"}}'
    headers:
      Content-Length:
      - "447"
      Content-Security-Policy:
      - default-src 'none'; frame-ancestors 'none'
      Content-Type:
      - application/json
      Date:
      - Tue, 12 Apr 2022 08:56:08 GMT
      Server:
      - Scaleway API-Gateway
      Strict-Transport-Security:
      - max-age=63072000
      X-Content-Type-Options:
      - nosniff
      X-Frame-Options:
      - DENY
      X-Request-Id:
      - 6c41c66d-500b-49a3-a8c0-747f83e73c3b
    status: 200 OK
    code: 200
    duration: ""
- request:
    body: ""
    form: {}
    headers:
      User-Agent:
      - scaleway-sdk-go/v1.0.0-beta.7+dev (go1.17.7; darwin; amd64) terraform-provider/develop
        terraform/terraform-tests
    url: https://api.scaleway.com/instance/v1/zones/fr-par-1/snapshots/d518ffaa-38b4-417a-8c0c-cc3c30df47aa
    method: GET
  response:
    body: '{"snapshot": {"id": "d518ffaa-38b4-417a-8c0c-cc3c30df47aa", "name": "first_name",
      "volume_type": "b_ssd", "creation_date": "2022-04-12T08:56:01.551162+00:00",
      "modification_date": "2022-04-12T08:56:05.426558+00:00", "organization": "105bdce1-64c0-48ab-899d-868455867ecf",
      "project": "105bdce1-64c0-48ab-899d-868455867ecf", "size": 20000000000, "state":
      "available", "base_volume": {"id": "c026e96f-6239-44b2-8974-0f950e567a91", "name":
      "tf-vol-trusting-engelbart"}, "tags": ["test-terraform"], "zone": "fr-par-1"}}'
    headers:
      Content-Length:
      - "514"
      Content-Security-Policy:
      - default-src 'none'; frame-ancestors 'none'
      Content-Type:
      - application/json
      Date:
      - Tue, 12 Apr 2022 08:56:08 GMT
      Server:
      - Scaleway API-Gateway
      Strict-Transport-Security:
      - max-age=63072000
      X-Content-Type-Options:
      - nosniff
      X-Frame-Options:
      - DENY
      X-Request-Id:
      - f2d2283f-64a8-4a19-b423-34ea8b1c1cd2
    status: 200 OK
    code: 200
    duration: ""
- request:
    body: ""
    form: {}
    headers:
      User-Agent:
      - scaleway-sdk-go/v1.0.0-beta.7+dev (go1.17.7; darwin; amd64) terraform-provider/develop
        terraform/terraform-tests
    url: https://api.scaleway.com/instance/v1/zones/fr-par-1/snapshots/d518ffaa-38b4-417a-8c0c-cc3c30df47aa
    method: GET
  response:
    body: '{"snapshot": {"id": "d518ffaa-38b4-417a-8c0c-cc3c30df47aa", "name": "first_name",
      "volume_type": "b_ssd", "creation_date": "2022-04-12T08:56:01.551162+00:00",
      "modification_date": "2022-04-12T08:56:05.426558+00:00", "organization": "105bdce1-64c0-48ab-899d-868455867ecf",
      "project": "105bdce1-64c0-48ab-899d-868455867ecf", "size": 20000000000, "state":
      "available", "base_volume": {"id": "c026e96f-6239-44b2-8974-0f950e567a91", "name":
      "tf-vol-trusting-engelbart"}, "tags": ["test-terraform"], "zone": "fr-par-1"}}'
    headers:
      Content-Length:
      - "514"
      Content-Security-Policy:
      - default-src 'none'; frame-ancestors 'none'
      Content-Type:
      - application/json
      Date:
      - Tue, 12 Apr 2022 08:56:09 GMT
      Server:
      - Scaleway API-Gateway
      Strict-Transport-Security:
      - max-age=63072000
      X-Content-Type-Options:
      - nosniff
      X-Frame-Options:
      - DENY
      X-Request-Id:
      - 30ffc746-3bd6-4bfb-8675-627af3ee0146
    status: 200 OK
    code: 200
    duration: ""
- request:
    body: '{"id":"d518ffaa-38b4-417a-8c0c-cc3c30df47aa","name":"second_name","organization":"105bdce1-64c0-48ab-899d-868455867ecf","volume_type":"l_ssd","size":0,"state":"available","base_volume":null,"creation_date":"2022-04-12T08:56:01.551162Z","modification_date":"2022-04-12T08:56:05.426558Z","project":"105bdce1-64c0-48ab-899d-868455867ecf","tags":["test-terraform"]}'
    form: {}
    headers:
      Content-Type:
      - application/json
      User-Agent:
      - scaleway-sdk-go/v1.0.0-beta.7+dev (go1.17.7; darwin; amd64) terraform-provider/develop
        terraform/terraform-tests
    url: https://api.scaleway.com/instance/v1/zones/fr-par-1/snapshots/d518ffaa-38b4-417a-8c0c-cc3c30df47aa
    method: PUT
  response:
    body: '{"snapshot": {"id": "d518ffaa-38b4-417a-8c0c-cc3c30df47aa", "name": "second_name",
      "volume_type": "b_ssd", "creation_date": "2022-04-12T08:56:01.551162+00:00",
      "modification_date": "2022-04-12T08:56:05.426558+00:00", "organization": "105bdce1-64c0-48ab-899d-868455867ecf",
      "project": "105bdce1-64c0-48ab-899d-868455867ecf", "size": 20000000000, "state":
      "available", "base_volume": {"id": "c026e96f-6239-44b2-8974-0f950e567a91", "name":
      "tf-vol-trusting-engelbart"}, "tags": ["test-terraform"], "zone": "fr-par-1"}}'
    headers:
      Content-Length:
      - "515"
      Content-Security-Policy:
      - default-src 'none'; frame-ancestors 'none'
      Content-Type:
      - application/json
      Date:
      - Tue, 12 Apr 2022 08:56:09 GMT
      Server:
      - Scaleway API-Gateway
      Strict-Transport-Security:
      - max-age=63072000
      X-Content-Type-Options:
      - nosniff
      X-Frame-Options:
      - DENY
      X-Request-Id:
      - 9f488752-a2a3-4719-b485-394bc6d1708c
    status: 200 OK
    code: 200
    duration: ""
- request:
    body: ""
    form: {}
    headers:
      User-Agent:
      - scaleway-sdk-go/v1.0.0-beta.7+dev (go1.17.7; darwin; amd64) terraform-provider/develop
        terraform/terraform-tests
    url: https://api.scaleway.com/instance/v1/zones/fr-par-1/snapshots/d518ffaa-38b4-417a-8c0c-cc3c30df47aa
    method: GET
  response:
    body: '{"snapshot": {"id": "d518ffaa-38b4-417a-8c0c-cc3c30df47aa", "name": "second_name",
      "volume_type": "b_ssd", "creation_date": "2022-04-12T08:56:01.551162+00:00",
      "modification_date": "2022-04-12T08:56:05.426558+00:00", "organization": "105bdce1-64c0-48ab-899d-868455867ecf",
      "project": "105bdce1-64c0-48ab-899d-868455867ecf", "size": 20000000000, "state":
      "available", "base_volume": {"id": "c026e96f-6239-44b2-8974-0f950e567a91", "name":
      "tf-vol-trusting-engelbart"}, "tags": ["test-terraform"], "zone": "fr-par-1"}}'
    headers:
      Content-Length:
      - "515"
      Content-Security-Policy:
      - default-src 'none'; frame-ancestors 'none'
      Content-Type:
      - application/json
      Date:
      - Tue, 12 Apr 2022 08:56:09 GMT
      Server:
      - Scaleway API-Gateway
      Strict-Transport-Security:
      - max-age=63072000
      X-Content-Type-Options:
      - nosniff
      X-Frame-Options:
      - DENY
      X-Request-Id:
      - 1d98b0ac-c7c9-40c4-8edf-6a06680fcf3e
    status: 200 OK
    code: 200
    duration: ""
- request:
    body: ""
    form: {}
    headers:
      User-Agent:
      - scaleway-sdk-go/v1.0.0-beta.7+dev (go1.17.7; darwin; amd64) terraform-provider/develop
        terraform/terraform-tests
    url: https://api.scaleway.com/instance/v1/zones/fr-par-1/volumes/c026e96f-6239-44b2-8974-0f950e567a91
    method: GET
  response:
    body: '{"volume": {"id": "c026e96f-6239-44b2-8974-0f950e567a91", "name": "tf-vol-trusting-engelbart",
      "volume_type": "b_ssd", "export_uri": null, "organization": "105bdce1-64c0-48ab-899d-868455867ecf",
      "project": "105bdce1-64c0-48ab-899d-868455867ecf", "server": null, "size": 20000000000,
      "state": "available", "creation_date": "2022-04-12T08:56:00.453245+00:00", "modification_date":
      "2022-04-12T08:56:05.426558+00:00", "tags": [], "zone": "fr-par-1"}}'
    headers:
      Content-Length:
      - "447"
      Content-Security-Policy:
      - default-src 'none'; frame-ancestors 'none'
      Content-Type:
      - application/json
      Date:
      - Tue, 12 Apr 2022 08:56:09 GMT
      Server:
      - Scaleway API-Gateway
      Strict-Transport-Security:
      - max-age=63072000
      X-Content-Type-Options:
      - nosniff
      X-Frame-Options:
      - DENY
      X-Request-Id:
      - 235d846b-4f78-4697-8bda-196889461336
    status: 200 OK
    code: 200
    duration: ""
- request:
    body: ""
    form: {}
    headers:
      User-Agent:
      - scaleway-sdk-go/v1.0.0-beta.7+dev (go1.17.7; darwin; amd64) terraform-provider/develop
        terraform/terraform-tests
    url: https://api.scaleway.com/instance/v1/zones/fr-par-1/snapshots/d518ffaa-38b4-417a-8c0c-cc3c30df47aa
    method: GET
  response:
    body: '{"snapshot": {"id": "d518ffaa-38b4-417a-8c0c-cc3c30df47aa", "name": "second_name",
      "volume_type": "b_ssd", "creation_date": "2022-04-12T08:56:01.551162+00:00",
      "modification_date": "2022-04-12T08:56:05.426558+00:00", "organization": "105bdce1-64c0-48ab-899d-868455867ecf",
      "project": "105bdce1-64c0-48ab-899d-868455867ecf", "size": 20000000000, "state":
      "available", "base_volume": {"id": "c026e96f-6239-44b2-8974-0f950e567a91", "name":
      "tf-vol-trusting-engelbart"}, "tags": ["test-terraform"], "zone": "fr-par-1"}}'
    headers:
      Content-Length:
      - "515"
      Content-Security-Policy:
      - default-src 'none'; frame-ancestors 'none'
      Content-Type:
      - application/json
      Date:
      - Tue, 12 Apr 2022 08:56:09 GMT
      Server:
      - Scaleway API-Gateway
      Strict-Transport-Security:
      - max-age=63072000
      X-Content-Type-Options:
      - nosniff
      X-Frame-Options:
      - DENY
      X-Request-Id:
      - f63be17e-a01a-4d58-9b41-ca7520f8408a
    status: 200 OK
    code: 200
    duration: ""
- request:
    body: ""
    form: {}
    headers:
      User-Agent:
      - scaleway-sdk-go/v1.0.0-beta.7+dev (go1.17.7; darwin; amd64) terraform-provider/develop
        terraform/terraform-tests
    url: https://api.scaleway.com/instance/v1/zones/fr-par-1/snapshots/d518ffaa-38b4-417a-8c0c-cc3c30df47aa
    method: GET
  response:
    body: '{"snapshot": {"id": "d518ffaa-38b4-417a-8c0c-cc3c30df47aa", "name": "second_name",
      "volume_type": "b_ssd", "creation_date": "2022-04-12T08:56:01.551162+00:00",
      "modification_date": "2022-04-12T08:56:05.426558+00:00", "organization": "105bdce1-64c0-48ab-899d-868455867ecf",
      "project": "105bdce1-64c0-48ab-899d-868455867ecf", "size": 20000000000, "state":
      "available", "base_volume": {"id": "c026e96f-6239-44b2-8974-0f950e567a91", "name":
      "tf-vol-trusting-engelbart"}, "tags": ["test-terraform"], "zone": "fr-par-1"}}'
    headers:
      Content-Length:
      - "515"
      Content-Security-Policy:
      - default-src 'none'; frame-ancestors 'none'
      Content-Type:
      - application/json
      Date:
      - Tue, 12 Apr 2022 08:56:10 GMT
      Server:
      - Scaleway API-Gateway
      Strict-Transport-Security:
      - max-age=63072000
      X-Content-Type-Options:
      - nosniff
      X-Frame-Options:
      - DENY
      X-Request-Id:
      - 529dee2d-716f-4781-9628-f8fc5dcaa702
    status: 200 OK
    code: 200
    duration: ""
- request:
    body: ""
    form: {}
    headers:
      User-Agent:
      - scaleway-sdk-go/v1.0.0-beta.7+dev (go1.17.7; darwin; amd64) terraform-provider/develop
        terraform/terraform-tests
    url: https://api.scaleway.com/instance/v1/zones/fr-par-1/snapshots/d518ffaa-38b4-417a-8c0c-cc3c30df47aa
    method: DELETE
  response:
    body: ""
    headers:
      Content-Security-Policy:
      - default-src 'none'; frame-ancestors 'none'
      Date:
      - Tue, 12 Apr 2022 08:56:10 GMT
      Server:
      - Scaleway API-Gateway
      Strict-Transport-Security:
      - max-age=63072000
      X-Content-Type-Options:
      - nosniff
      X-Frame-Options:
      - DENY
      X-Request-Id:
      - 7cd77705-03c4-422a-a910-1ad115add67d
    status: 204 No Content
    code: 204
    duration: ""
- request:
    body: ""
    form: {}
    headers:
      User-Agent:
      - scaleway-sdk-go/v1.0.0-beta.7+dev (go1.17.7; darwin; amd64) terraform-provider/develop
        terraform/terraform-tests
    url: https://api.scaleway.com/instance/v1/zones/fr-par-1/volumes/c026e96f-6239-44b2-8974-0f950e567a91
    method: GET
  response:
    body: '{"volume": {"id": "c026e96f-6239-44b2-8974-0f950e567a91", "name": "tf-vol-trusting-engelbart",
      "volume_type": "b_ssd", "export_uri": null, "organization": "105bdce1-64c0-48ab-899d-868455867ecf",
      "project": "105bdce1-64c0-48ab-899d-868455867ecf", "server": null, "size": 20000000000,
      "state": "available", "creation_date": "2022-04-12T08:56:00.453245+00:00", "modification_date":
      "2022-04-12T08:56:05.426558+00:00", "tags": [], "zone": "fr-par-1"}}'
    headers:
      Content-Length:
      - "447"
      Content-Security-Policy:
      - default-src 'none'; frame-ancestors 'none'
      Content-Type:
      - application/json
      Date:
      - Tue, 12 Apr 2022 08:56:10 GMT
      Server:
      - Scaleway API-Gateway
      Strict-Transport-Security:
      - max-age=63072000
      X-Content-Type-Options:
      - nosniff
      X-Frame-Options:
      - DENY
      X-Request-Id:
      - f8ceea98-b5aa-4360-ad2d-94d60cc0aabc
    status: 200 OK
    code: 200
    duration: ""
- request:
    body: ""
    form: {}
    headers:
      User-Agent:
      - scaleway-sdk-go/v1.0.0-beta.7+dev (go1.17.7; darwin; amd64) terraform-provider/develop
        terraform/terraform-tests
    url: https://api.scaleway.com/instance/v1/zones/fr-par-1/volumes/c026e96f-6239-44b2-8974-0f950e567a91
    method: DELETE
  response:
    body: ""
    headers:
      Content-Security-Policy:
      - default-src 'none'; frame-ancestors 'none'
      Date:
      - Tue, 12 Apr 2022 08:56:10 GMT
      Server:
      - Scaleway API-Gateway
      Strict-Transport-Security:
      - max-age=63072000
      X-Content-Type-Options:
      - nosniff
      X-Frame-Options:
      - DENY
      X-Request-Id:
      - a81729a9-f723-4c30-9bf6-a6fafd57ca85
    status: 204 No Content
    code: 204
    duration: ""
- request:
    body: ""
    form: {}
    headers:
      User-Agent:
      - scaleway-sdk-go/v1.0.0-beta.7+dev (go1.17.7; darwin; amd64) terraform-provider/develop
        terraform/terraform-tests
    url: https://api.scaleway.com/instance/v1/zones/fr-par-1/volumes/c026e96f-6239-44b2-8974-0f950e567a91
    method: GET
  response:
    body: '{"type": "unknown_resource", "message": "Volume ''c026e96f-6239-44b2-8974-0f950e567a91''
      not found."}'
    headers:
      Content-Length:
      - "99"
      Content-Security-Policy:
      - default-src 'none'; frame-ancestors 'none'
      Content-Type:
      - application/json
      Date:
      - Tue, 12 Apr 2022 08:56:10 GMT
      Server:
      - Scaleway API-Gateway
      Strict-Transport-Security:
      - max-age=63072000
      X-Content-Type-Options:
      - nosniff
      X-Frame-Options:
      - DENY
      X-Request-Id:
      - 56a43ec3-c083-4034-b2a9-3df0a1d7fafc
    status: 404 Not Found
    code: 404
    duration: ""
